Component: ARM Compiler 5.05 update 1 (build 106) Tool: armlink [4d0efa]

==============================================================================

Section Cross References

    delay.o(i.DelayInit) refers to sys.o(i.GetCPUInfo) for GetCPUInfo
    delay.o(i.DelayInit) refers to sys.o(.bss) for CPUInfo
    delay.o(i.DelayInit) refers to delay.o(.data) for fac_us
    delay.o(i.DelayMs) refers to delay.o(.data) for fac_ms
    delay.o(i.DelayUs) refers to delay.o(.data) for fac_us
    gpio.o(i.GPIO_Init) refers to main.o(i.assert_failed) for assert_failed
    gpio.o(i.GPIO_ReadInputData) refers to main.o(i.assert_failed) for assert_failed
    gpio.o(i.GPIO_ReadInputDataBit) refers to main.o(i.assert_failed) for assert_failed
    gpio.o(i.GPIO_ReadOutputData) refers to main.o(i.assert_failed) for assert_failed
    gpio.o(i.GPIO_ReadOutputDataBit) refers to main.o(i.assert_failed) for assert_failed
    gpio.o(i.GPIO_ResetBits) refers to main.o(i.assert_failed) for assert_failed
    gpio.o(i.GPIO_SetBits) refers to main.o(i.assert_failed) for assert_failed
    gpio.o(i.GPIO_ToggleBit) refers to main.o(i.assert_failed) for assert_failed
    gpio.o(i.GPIO_Write) refers to main.o(i.assert_failed) for assert_failed
    gpio.o(i.GPIO_WriteBit) refers to main.o(i.assert_failed) for assert_failed
    sys.o(i.GetCPUInfo) refers to sys.o(.bss) for CPUInfo
    sys.o(i.GetCPUInfo) refers to system_mk60dz10.o(.data) for SystemCoreClock
    sys.o(i.NVIC_Init) refers to main.o(i.assert_failed) for assert_failed
    sys.o(i.SetVectorTable) refers to main.o(i.assert_failed) for assert_failed
    sys.o(i.SystemClockSetup) refers to main.o(i.assert_failed) for assert_failed
    sys.o(i.SystemClockSetup) refers to sys.o(i.GetCPUInfo) for GetCPUInfo
    sys.o(i.SystemClockSetup) refers to system_mk60dz10.o(.data) for SystemCoreClock
    uart.o(i.DisplayCPUInfo) refers to sys.o(i.GetFWVersion) for GetFWVersion
    uart.o(i.DisplayCPUInfo) refers to uart.o(i.UART_printf) for UART_printf
    uart.o(i.DisplayCPUInfo) refers to sys.o(.bss) for CPUInfo
    uart.o(i.UART_DMACmd) refers to main.o(i.assert_failed) for assert_failed
    uart.o(i.UART_DebugPortInit) refers to uart.o(i.UART_Init) for UART_Init
    uart.o(i.UART_DebugPortInit) refers to uart.o(.data) for UART_DebugPort
    uart.o(i.UART_GetITStatus) refers to main.o(i.assert_failed) for assert_failed
    uart.o(i.UART_ITConfig) refers to main.o(i.assert_failed) for assert_failed
    uart.o(i.UART_Init) refers to main.o(i.assert_failed) for assert_failed
    uart.o(i.UART_Init) refers to sys.o(i.GetCPUInfo) for GetCPUInfo
    uart.o(i.UART_Init) refers to sys.o(.bss) for CPUInfo
    uart.o(i.UART_Init) refers to uart.o(.bss) for UART_TxIntStruct1
    uart.o(i.UART_SendDataInt) refers to main.o(i.assert_failed) for assert_failed
    uart.o(i.UART_SendDataInt) refers to rt_memcpy_v6.o(.text) for __aeabi_memcpy
    uart.o(i.UART_SendDataInt) refers to uart.o(.bss) for UART_TxIntStruct1
    uart.o(i.UART_SendDataIntProcess) refers to uart.o(.bss) for UART_TxIntStruct1
    uart.o(i.UART_printf) refers to uart.o(i.UART_SendData) for UART_SendData
    uart.o(i.UART_printf) refers to uart.o(i.printn) for printn
    uart.o(i.UART_printf) refers to uart.o(i.UART_puts) for UART_puts
    uart.o(i.UART_printf) refers to uart.o(.data) for UART_DebugPort
    uart.o(i.UART_puts) refers to uart.o(i.UART_SendData) for UART_SendData
    uart.o(i.UART_puts) refers to uart.o(.data) for UART_DebugPort
    uart.o(i.printn) refers to uart.o(i.UART_SendData) for UART_SendData
    uart.o(i.printn) refers to uart.o(.data) for ntab
    uart.o(.data) refers to uart.o(.conststring) for .conststring
    wdog.o(i.WDOG_Init) refers to sys.o(.bss) for CPUInfo
    system_mk60dz10.o(i.SystemCoreClockUpdate) refers to system_mk60dz10.o(.data) for SystemCoreClock
    startup_mk60dz10.o(STACK) refers (Special) to heapauxi.o(.text) for __use_two_region_memory
    startup_mk60dz10.o(HEAP) refers (Special) to heapauxi.o(.text) for __use_two_region_memory
    startup_mk60dz10.o(RESET) refers (Special) to heapauxi.o(.text) for __use_two_region_memory
    startup_mk60dz10.o(RESET) refers to startup_mk60dz10.o(STACK) for __initial_sp
    startup_mk60dz10.o(RESET) refers to startup_mk60dz10.o(.text) for Reset_Handler
    startup_mk60dz10.o(.ARM.__at_0x400) refers (Special) to heapauxi.o(.text) for __use_two_region_memory
    startup_mk60dz10.o(.text) refers (Special) to heapauxi.o(.text) for __use_two_region_memory
    startup_mk60dz10.o(.text) refers to system_mk60dz10.o(i.SystemInit) for SystemInit
    startup_mk60dz10.o(.text) refers to __main.o(!!!main) for __main
    startup_mk60dz10.o(.text) refers to startup_mk60dz10.o(HEAP) for Heap_Mem
    startup_mk60dz10.o(.text) refers to startup_mk60dz10.o(STACK) for Stack_Mem
    rt_memcpy_v6.o(.text) refers to rt_memcpy_w.o(.text) for __aeabi_memcpy4
    __main.o(!!!main) refers to __rtentry.o(.ARM.Collect$$rtentry$$00000000) for __rt_entry
    __rtentry.o(.ARM.Collect$$rtentry$$00000000) refers (Special) to __rtentry2.o(.ARM.Collect$$rtentry$$0000000A) for __rt_entry_li
    __rtentry.o(.ARM.Collect$$rtentry$$00000000) refers (Special) to __rtentry2.o(.ARM.Collect$$rtentry$$0000000D) for __rt_entry_main
    __rtentry.o(.ARM.Collect$$rtentry$$00000000) refers (Special) to __rtentry2.o(.ARM.Collect$$rtentry$$0000000C) for __rt_entry_postli_1
    __rtentry.o(.ARM.Collect$$rtentry$$00000000) refers (Special) to __rtentry2.o(.ARM.Collect$$rtentry$$00000009) for __rt_entry_postsh_1
    __rtentry.o(.ARM.Collect$$rtentry$$00000000) refers (Special) to __rtentry2.o(.ARM.Collect$$rtentry$$00000002) for __rt_entry_presh_1
    __rtentry.o(.ARM.Collect$$rtentry$$00000000) refers (Special) to __rtentry4.o(.ARM.Collect$$rtentry$$00000004) for __rt_entry_sh
    __rtentry2.o(.ARM.Collect$$rtentry$$00000008) refers to boardinit2.o(.text) for _platform_post_stackheap_init
    __rtentry2.o(.ARM.Collect$$rtentry$$0000000A) refers to libinit.o(.ARM.Collect$$libinit$$00000000) for __rt_lib_init
    __rtentry2.o(.ARM.Collect$$rtentry$$0000000B) refers to boardinit3.o(.text) for _platform_post_lib_init
    __rtentry2.o(.ARM.Collect$$rtentry$$0000000D) refers to main.o(i.main) for main
    __rtentry2.o(.ARM.Collect$$rtentry$$0000000D) refers to exit.o(.text) for exit
    __rtentry2.o(.ARM.exidx) refers to __rtentry2.o(.ARM.Collect$$rtentry$$00000001) for .ARM.Collect$$rtentry$$00000001
    __rtentry2.o(.ARM.exidx) refers to __rtentry2.o(.ARM.Collect$$rtentry$$00000008) for .ARM.Collect$$rtentry$$00000008
    __rtentry2.o(.ARM.exidx) refers to __rtentry2.o(.ARM.Collect$$rtentry$$0000000A) for .ARM.Collect$$rtentry$$0000000A
    __rtentry2.o(.ARM.exidx) refers to __rtentry2.o(.ARM.Collect$$rtentry$$0000000B) for .ARM.Collect$$rtentry$$0000000B
    __rtentry2.o(.ARM.exidx) refers to __rtentry2.o(.ARM.Collect$$rtentry$$0000000D) for .ARM.Collect$$rtentry$$0000000D
    __rtentry4.o(.ARM.Collect$$rtentry$$00000004) refers to sys_stackheap_outer.o(.text) for __user_setup_stackheap
    __rtentry4.o(.ARM.exidx) refers to __rtentry4.o(.ARM.Collect$$rtentry$$00000004) for .ARM.Collect$$rtentry$$00000004
    sys_stackheap_outer.o(.text) refers to libspace.o(.text) for __user_perproc_libspace
    sys_stackheap_outer.o(.text) refers to startup_mk60dz10.o(.text) for __user_initial_stackheap
    exit.o(.text) refers to rtexit.o(.ARM.Collect$$rtexit$$00000000) for __rt_exit
    libinit.o(.ARM.Collect$$libinit$$00000000) refers (Special) to libinit2.o(.ARM.Collect$$libinit$$0000002E) for __rt_lib_init_alloca_1
    libinit.o(.ARM.Collect$$libinit$$00000000) refers (Special) to libinit2.o(.ARM.Collect$$libinit$$0000002C) for __rt_lib_init_argv_1
    libinit.o(.ARM.Collect$$libinit$$00000000) refers (Special) to libinit2.o(.ARM.Collect$$libinit$$0000001B) for __rt_lib_init_atexit_1
    libinit.o(.ARM.Collect$$libinit$$00000000) refers (Special) to libinit2.o(.ARM.Collect$$libinit$$00000021) for __rt_lib_init_clock_1
    libinit.o(.ARM.Collect$$libinit$$00000000) refers (Special) to libinit2.o(.ARM.Collect$$libinit$$00000032) for __rt_lib_init_cpp_1
    libinit.o(.ARM.Collect$$libinit$$00000000) refers (Special) to libinit2.o(.ARM.Collect$$libinit$$00000030) for __rt_lib_init_exceptions_1
    libinit.o(.ARM.Collect$$libinit$$00000000) refers (Special) to libinit2.o(.ARM.Collect$$libinit$$00000002) for __rt_lib_init_fp_1
    libinit.o(.ARM.Collect$$libinit$$00000000) refers (Special) to libinit2.o(.ARM.Collect$$libinit$$0000001F) for __rt_lib_init_fp_trap_1
    libinit.o(.ARM.Collect$$libinit$$00000000) refers (Special) to libinit2.o(.ARM.Collect$$libinit$$00000023) for __rt_lib_init_getenv_1
    libinit.o(.ARM.Collect$$libinit$$00000000) refers (Special) to libinit2.o(.ARM.Collect$$libinit$$0000000A) for __rt_lib_init_heap_1
    libinit.o(.ARM.Collect$$libinit$$00000000) refers (Special) to libinit2.o(.ARM.Collect$$libinit$$00000011) for __rt_lib_init_lc_collate_1
    libinit.o(.ARM.Collect$$libinit$$00000000) refers (Special) to libinit2.o(.ARM.Collect$$libinit$$00000013) for __rt_lib_init_lc_ctype_1
    libinit.o(.ARM.Collect$$libinit$$00000000) refers (Special) to libinit2.o(.ARM.Collect$$libinit$$00000015) for __rt_lib_init_lc_monetary_1
    libinit.o(.ARM.Collect$$libinit$$00000000) refers (Special) to libinit2.o(.ARM.Collect$$libinit$$00000017) for __rt_lib_init_lc_numeric_1
    libinit.o(.ARM.Collect$$libinit$$00000000) refers (Special) to libinit2.o(.ARM.Collect$$libinit$$00000019) for __rt_lib_init_lc_time_1
    libinit.o(.ARM.Collect$$libinit$$00000000) refers (Special) to libinit2.o(.ARM.Collect$$libinit$$00000004) for __rt_lib_init_preinit_1
    libinit.o(.ARM.Collect$$libinit$$00000000) refers (Special) to libinit2.o(.ARM.Collect$$libinit$$0000000E) for __rt_lib_init_rand_1
    libinit.o(.ARM.Collect$$libinit$$00000000) refers (Special) to libinit2.o(.ARM.Collect$$libinit$$00000033) for __rt_lib_init_return
    libinit.o(.ARM.Collect$$libinit$$00000000) refers (Special) to libinit2.o(.ARM.Collect$$libinit$$0000001D) for __rt_lib_init_signal_1
    libinit.o(.ARM.Collect$$libinit$$00000000) refers (Special) to libinit2.o(.ARM.Collect$$libinit$$00000025) for __rt_lib_init_stdio_1
    libinit.o(.ARM.Collect$$libinit$$00000000) refers (Special) to libinit2.o(.ARM.Collect$$libinit$$0000000C) for __rt_lib_init_user_alloc_1
    libspace.o(.text) refers to libspace.o(.bss) for __libspace_start
    rtexit.o(.ARM.Collect$$rtexit$$00000000) refers (Special) to rtexit2.o(.ARM.Collect$$rtexit$$00000004) for __rt_exit_exit
    rtexit.o(.ARM.Collect$$rtexit$$00000000) refers (Special) to rtexit2.o(.ARM.Collect$$rtexit$$00000003) for __rt_exit_ls
    rtexit.o(.ARM.Collect$$rtexit$$00000000) refers (Special) to rtexit2.o(.ARM.Collect$$rtexit$$00000002) for __rt_exit_prels_1
    rtexit.o(.ARM.exidx) refers (Special) to rtexit2.o(.ARM.Collect$$rtexit$$00000004) for __rt_exit_exit
    rtexit.o(.ARM.exidx) refers (Special) to rtexit2.o(.ARM.Collect$$rtexit$$00000003) for __rt_exit_ls
    rtexit.o(.ARM.exidx) refers (Special) to rtexit2.o(.ARM.Collect$$rtexit$$00000002) for __rt_exit_prels_1
    rtexit.o(.ARM.exidx) refers to rtexit.o(.ARM.Collect$$rtexit$$00000000) for .ARM.Collect$$rtexit$$00000000
    libinit2.o(.ARM.Collect$$libinit$$00000010) refers to libinit2.o(.ARM.Collect$$libinit$$0000000F) for .ARM.Collect$$libinit$$0000000F
    libinit2.o(.ARM.Collect$$libinit$$00000012) refers to libinit2.o(.ARM.Collect$$libinit$$0000000F) for .ARM.Collect$$libinit$$0000000F
    libinit2.o(.ARM.Collect$$libinit$$00000014) refers to libinit2.o(.ARM.Collect$$libinit$$0000000F) for .ARM.Collect$$libinit$$0000000F
    libinit2.o(.ARM.Collect$$libinit$$00000016) refers to libinit2.o(.ARM.Collect$$libinit$$0000000F) for .ARM.Collect$$libinit$$0000000F
    libinit2.o(.ARM.Collect$$libinit$$00000018) refers to libinit2.o(.ARM.Collect$$libinit$$0000000F) for .ARM.Collect$$libinit$$0000000F
    libinit2.o(.ARM.Collect$$libinit$$00000026) refers to argv_veneer.o(.emb_text) for __ARM_argv_veneer
    libinit2.o(.ARM.Collect$$libinit$$00000027) refers to argv_veneer.o(.emb_text) for __ARM_argv_veneer
    rtexit2.o(.ARM.Collect$$rtexit$$00000003) refers to libshutdown.o(.ARM.Collect$$libshutdown$$00000000) for __rt_lib_shutdown
    rtexit2.o(.ARM.Collect$$rtexit$$00000004) refers to sys_exit.o(.text) for _sys_exit
    rtexit2.o(.ARM.exidx) refers to rtexit2.o(.ARM.Collect$$rtexit$$00000001) for .ARM.Collect$$rtexit$$00000001
    rtexit2.o(.ARM.exidx) refers to rtexit2.o(.ARM.Collect$$rtexit$$00000003) for .ARM.Collect$$rtexit$$00000003
    rtexit2.o(.ARM.exidx) refers to rtexit2.o(.ARM.Collect$$rtexit$$00000004) for .ARM.Collect$$rtexit$$00000004
    argv_veneer.o(.emb_text) refers to no_argv.o(.text) for __ARM_get_argv
    sys_exit.o(.text) refers (Special) to use_no_semi.o(.text) for __I$use$semihosting
    sys_exit.o(.text) refers (Special) to indicate_semi.o(.text) for __semihosting_library_function
    _get_argv_nomalloc.o(.text) refers (Special) to hrguard.o(.text) for __heap_region$guard
    _get_argv_nomalloc.o(.text) refers to defsig_rtmem_outer.o(.text) for __rt_SIGRTMEM
    _get_argv_nomalloc.o(.text) refers to sys_command.o(.text) for _sys_command_string
    libshutdown.o(.ARM.Collect$$libshutdown$$00000000) refers (Special) to libshutdown2.o(.ARM.Collect$$libshutdown$$00000006) for __rt_lib_shutdown_fp_trap_1
    libshutdown.o(.ARM.Collect$$libshutdown$$00000000) refers (Special) to libshutdown2.o(.ARM.Collect$$libshutdown$$0000000E) for __rt_lib_shutdown_heap_1
    libshutdown.o(.ARM.Collect$$libshutdown$$00000000) refers (Special) to libshutdown2.o(.ARM.Collect$$libshutdown$$0000000F) for __rt_lib_shutdown_return
    libshutdown.o(.ARM.Collect$$libshutdown$$00000000) refers (Special) to libshutdown2.o(.ARM.Collect$$libshutdown$$00000009) for __rt_lib_shutdown_signal_1
    libshutdown.o(.ARM.Collect$$libshutdown$$00000000) refers (Special) to libshutdown2.o(.ARM.Collect$$libshutdown$$00000003) for __rt_lib_shutdown_stdio_1
    libshutdown.o(.ARM.Collect$$libshutdown$$00000000) refers (Special) to libshutdown2.o(.ARM.Collect$$libshutdown$$0000000B) for __rt_lib_shutdown_user_alloc_1
    sys_command.o(.text) refers (Special) to use_no_semi.o(.text) for __I$use$semihosting
    sys_command.o(.text) refers (Special) to indicate_semi.o(.text) for __semihosting_library_function
    defsig_rtmem_outer.o(.text) refers to defsig_rtmem_inner.o(.text) for __rt_SIGRTMEM_inner
    defsig_rtmem_outer.o(.text) refers to defsig_exit.o(.text) for __sig_exit
    defsig_rtmem_formal.o(.text) refers to rt_raise.o(.text) for __rt_raise
    rt_raise.o(.text) refers to __raise.o(.text) for __raise
    rt_raise.o(.text) refers to sys_exit.o(.text) for _sys_exit
    defsig_exit.o(.text) refers to sys_exit.o(.text) for _sys_exit
    defsig_rtmem_inner.o(.text) refers to defsig_general.o(.text) for __default_signal_display
    __raise.o(.text) refers to defsig.o(CL$$defsig) for __default_signal_handler
    defsig_general.o(.text) refers to sys_wrch.o(.text) for _ttywrch
    sys_wrch.o(.text) refers (Special) to use_no_semi.o(.text) for __I$use$semihosting
    sys_wrch.o(.text) refers (Special) to indicate_semi.o(.text) for __semihosting_library_function
    defsig.o(CL$$defsig) refers to defsig_rtmem_inner.o(.text) for __rt_SIGRTMEM_inner
    defsig_abrt_inner.o(.text) refers to defsig_general.o(.text) for __default_signal_display
    defsig_fpe_inner.o(.text) refers to defsig_general.o(.text) for __default_signal_display
    defsig_rtred_inner.o(.text) refers to defsig_general.o(.text) for __default_signal_display
    defsig_stak_inner.o(.text) refers to defsig_general.o(.text) for __default_signal_display
    defsig_pvfn_inner.o(.text) refers to defsig_general.o(.text) for __default_signal_display
    defsig_cppl_inner.o(.text) refers to defsig_general.o(.text) for __default_signal_display
    defsig_segv_inner.o(.text) refers to defsig_general.o(.text) for __default_signal_display
    defsig_other.o(.text) refers to defsig_general.o(.text) for __default_signal_display


==============================================================================

Removing Unused input sections from the image.

    Removing main.o(.rev16_text), (4 bytes).
    Removing main.o(.revsh_text), (4 bytes).
    Removing main.o(i.assert_failed), (2 bytes).
    Removing delay.o(.rev16_text), (4 bytes).
    Removing delay.o(.revsh_text), (4 bytes).
    Removing delay.o(i.DelayInit), (72 bytes).
    Removing delay.o(i.DelayMs), (84 bytes).
    Removing delay.o(i.DelayUs), (72 bytes).
    Removing delay.o(.data), (8 bytes).
    Removing gpio.o(.rev16_text), (4 bytes).
    Removing gpio.o(.revsh_text), (4 bytes).
    Removing gpio.o(i.GPIO_ClearITPendingBit), (168 bytes).
    Removing gpio.o(i.GPIO_GetITStates), (112 bytes).
    Removing gpio.o(i.GPIO_Init), (712 bytes).
    Removing gpio.o(i.GPIO_ReadInputData), (92 bytes).
    Removing gpio.o(i.GPIO_ReadInputDataBit), (128 bytes).
    Removing gpio.o(i.GPIO_ReadOutputData), (96 bytes).
    Removing gpio.o(i.GPIO_ReadOutputDataBit), (128 bytes).
    Removing gpio.o(i.GPIO_ResetBits), (116 bytes).
    Removing gpio.o(i.GPIO_SetBits), (116 bytes).
    Removing gpio.o(i.GPIO_StructInit), (10 bytes).
    Removing gpio.o(i.GPIO_ToggleBit), (120 bytes).
    Removing gpio.o(i.GPIO_Write), (96 bytes).
    Removing gpio.o(i.GPIO_WriteBit), (148 bytes).
    Removing sys.o(.rev16_text), (4 bytes).
    Removing sys.o(.revsh_text), (4 bytes).
    Removing sys.o(i.DisableInterrupts), (4 bytes).
    Removing sys.o(i.EnableInterrupts), (4 bytes).
    Removing sys.o(i.GetCPUInfo), (756 bytes).
    Removing sys.o(i.GetFWVersion), (4 bytes).
    Removing sys.o(i.NVIC_Init), (280 bytes).
    Removing sys.o(i.SetVectorTable), (56 bytes).
    Removing sys.o(i.SystemClockSetup), (716 bytes).
    Removing sys.o(i.SystemSoftReset), (44 bytes).
    Removing sys.o(.bss), (36 bytes).
    Removing uart.o(.rev16_text), (4 bytes).
    Removing uart.o(.revsh_text), (4 bytes).
    Removing uart.o(i.DisplayCPUInfo), (900 bytes).
    Removing uart.o(i.UART_DMACmd), (204 bytes).
    Removing uart.o(i.UART_DebugPortInit), (120 bytes).
    Removing uart.o(i.UART_GetITStatus), (208 bytes).
    Removing uart.o(i.UART_ITConfig), (256 bytes).
    Removing uart.o(i.UART_Init), (696 bytes).
    Removing uart.o(i.UART_ReceiveData), (22 bytes).
    Removing uart.o(i.UART_SendData), (16 bytes).
    Removing uart.o(i.UART_SendDataInt), (148 bytes).
    Removing uart.o(i.UART_SendDataIntProcess), (88 bytes).
    Removing uart.o(i.UART_printf), (112 bytes).
    Removing uart.o(i.UART_puts), (32 bytes).
    Removing uart.o(i.printn), (56 bytes).
    Removing uart.o(.bss), (134 bytes).
    Removing uart.o(.conststring), (17 bytes).
    Removing uart.o(.data), (8 bytes).
    Removing wdog.o(.rev16_text), (4 bytes).
    Removing wdog.o(.revsh_text), (4 bytes).
    Removing wdog.o(i.WDOG_Close), (32 bytes).
    Removing wdog.o(i.WDOG_Feed), (20 bytes).
    Removing wdog.o(i.WDOG_Init), (68 bytes).
    Removing wdog.o(i.WDOG_Open), (32 bytes).
    Removing system_mk60dz10.o(.rev16_text), (4 bytes).
    Removing system_mk60dz10.o(.revsh_text), (4 bytes).
    Removing system_mk60dz10.o(i.SystemCoreClockUpdate), (324 bytes).
    Removing system_mk60dz10.o(.data), (4 bytes).

63 unused section(s) (total 7733 bytes) removed from the image.

==============================================================================

Image Symbol Table

    Local Symbols

    Symbol Name                              Value     Ov Type        Size  Object(Section)

    RESET                                    0x00000000   Section     1024  startup_mk60dz10.o(RESET)
    ../clib/angel/boardlib.s                 0x00000000   Number         0  boardinit3.o ABSOLUTE
    ../clib/angel/boardlib.s                 0x00000000   Number         0  boardinit1.o ABSOLUTE
    ../clib/angel/boardlib.s                 0x00000000   Number         0  boardinit2.o ABSOLUTE
    ../clib/angel/boardlib.s                 0x00000000   Number         0  boardshut.o ABSOLUTE
    ../clib/angel/handlers.s                 0x00000000   Number         0  __scatter_zi.o ABSOLUTE
    ../clib/angel/kernel.s                   0x00000000   Number         0  __rtentry2.o ABSOLUTE
    ../clib/angel/kernel.s                   0x00000000   Number         0  __rtentry4.o ABSOLUTE
    ../clib/angel/kernel.s                   0x00000000   Number         0  rtexit2.o ABSOLUTE
    ../clib/angel/kernel.s                   0x00000000   Number         0  rtexit.o ABSOLUTE
    ../clib/angel/kernel.s                   0x00000000   Number         0  __rtentry.o ABSOLUTE
    ../clib/angel/rt.s                       0x00000000   Number         0  rt_raise.o ABSOLUTE
    ../clib/angel/scatter.s                  0x00000000   Number         0  __scatter.o ABSOLUTE
    ../clib/angel/startup.s                  0x00000000   Number         0  __main.o ABSOLUTE
    ../clib/angel/sys.s                      0x00000000   Number         0  sys_stackheap_outer.o ABSOLUTE
    ../clib/angel/sys.s                      0x00000000   Number         0  indicate_semi.o ABSOLUTE
    ../clib/angel/sys.s                      0x00000000   Number         0  libspace.o ABSOLUTE
    ../clib/angel/sys.s                      0x00000000   Number         0  use_no_semi.o ABSOLUTE
    ../clib/angel/sysapp.c                   0x00000000   Number         0  sys_exit.o ABSOLUTE
    ../clib/angel/sysapp.c                   0x00000000   Number         0  sys_wrch.o ABSOLUTE
    ../clib/angel/sysapp.c                   0x00000000   Number         0  sys_command.o ABSOLUTE
    ../clib/armsys.c                         0x00000000   Number         0  argv_veneer.o ABSOLUTE
    ../clib/armsys.c                         0x00000000   Number         0  argv_veneer.o ABSOLUTE
    ../clib/armsys.c                         0x00000000   Number         0  no_argv.o ABSOLUTE
    ../clib/armsys.c                         0x00000000   Number         0  _get_argv_nomalloc.o ABSOLUTE
    ../clib/heapalloc.c                      0x00000000   Number         0  hrguard.o ABSOLUTE
    ../clib/heapaux.c                        0x00000000   Number         0  heapauxi.o ABSOLUTE
    ../clib/libinit.s                        0x00000000   Number         0  libshutdown2.o ABSOLUTE
    ../clib/libinit.s                        0x00000000   Number         0  libinit.o ABSOLUTE
    ../clib/libinit.s                        0x00000000   Number         0  libshutdown.o ABSOLUTE
    ../clib/libinit.s                        0x00000000   Number         0  libinit2.o ABSOLUTE
    ../clib/memcpset.s                       0x00000000   Number         0  rt_memcpy_v6.o ABSOLUTE
    ../clib/memcpset.s                       0x00000000   Number         0  rt_memcpy_w.o ABSOLUTE
    ../clib/signal.c                         0x00000000   Number         0  defsig_segv_inner.o ABSOLUTE
    ../clib/signal.c                         0x00000000   Number         0  defsig_other.o ABSOLUTE
    ../clib/signal.c                         0x00000000   Number         0  __raise.o ABSOLUTE
    ../clib/signal.c                         0x00000000   Number         0  defsig_rtmem_outer.o ABSOLUTE
    ../clib/signal.c                         0x00000000   Number         0  defsig_rtmem_formal.o ABSOLUTE
    ../clib/signal.c                         0x00000000   Number         0  defsig_exit.o ABSOLUTE
    ../clib/signal.c                         0x00000000   Number         0  defsig_rtmem_inner.o ABSOLUTE
    ../clib/signal.c                         0x00000000   Number         0  defsig_general.o ABSOLUTE
    ../clib/signal.c                         0x00000000   Number         0  defsig_abrt_inner.o ABSOLUTE
    ../clib/signal.c                         0x00000000   Number         0  defsig_fpe_inner.o ABSOLUTE
    ../clib/signal.c                         0x00000000   Number         0  defsig_rtred_inner.o ABSOLUTE
    ../clib/signal.c                         0x00000000   Number         0  defsig_stak_inner.o ABSOLUTE
    ../clib/signal.c                         0x00000000   Number         0  defsig_pvfn_inner.o ABSOLUTE
    ../clib/signal.c                         0x00000000   Number         0  defsig_cppl_inner.o ABSOLUTE
    ../clib/signal.s                         0x00000000   Number         0  defsig.o ABSOLUTE
    ../clib/stdlib.c                         0x00000000   Number         0  exit.o ABSOLUTE
    ../fplib/fpinit.s                        0x00000000   Number         0  fpinit.o ABSOLUTE
    ..\SRC\STARTUP\startup_MK60DZ10.s        0x00000000   Number         0  startup_mk60dz10.o ABSOLUTE
    ..\SRC\STARTUP\system_MK60DZ10.c         0x00000000   Number         0  system_mk60dz10.o ABSOLUTE
    ..\SRC\SYSTEM\DELAY\delay.c              0x00000000   Number         0  delay.o ABSOLUTE
    ..\SRC\SYSTEM\GPIO\gpio.c                0x00000000   Number         0  gpio.o ABSOLUTE
    ..\SRC\SYSTEM\SYS\sys.c                  0x00000000   Number         0  sys.o ABSOLUTE
    ..\SRC\SYSTEM\UART\uart.c                0x00000000   Number         0  uart.o ABSOLUTE
    ..\SRC\SYSTEM\WDOG\wdog.c                0x00000000   Number         0  wdog.o ABSOLUTE
    ..\SRC\USER\main.c                       0x00000000   Number         0  main.o ABSOLUTE
    ..\\SRC\\STARTUP\\system_MK60DZ10.c      0x00000000   Number         0  system_mk60dz10.o ABSOLUTE
    ..\\SRC\\SYSTEM\\DELAY\\delay.c          0x00000000   Number         0  delay.o ABSOLUTE
    ..\\SRC\\SYSTEM\\GPIO\\gpio.c            0x00000000   Number         0  gpio.o ABSOLUTE
    ..\\SRC\\SYSTEM\\SYS\\sys.c              0x00000000   Number         0  sys.o ABSOLUTE
    ..\\SRC\\SYSTEM\\UART\\uart.c            0x00000000   Number         0  uart.o ABSOLUTE
    ..\\SRC\\SYSTEM\\WDOG\\wdog.c            0x00000000   Number         0  wdog.o ABSOLUTE
    ..\\SRC\\USER\\main.c                    0x00000000   Number         0  main.o ABSOLUTE
    dc.s                                     0x00000000   Number         0  dc.o ABSOLUTE
    .ARM.__at_0x400                          0x00000400   Section       16  startup_mk60dz10.o(.ARM.__at_0x400)
    !!!main                                  0x00000410   Section        8  __main.o(!!!main)
    !!!scatter                               0x00000418   Section       52  __scatter.o(!!!scatter)
    !!handler_zi                             0x0000044c   Section       28  __scatter_zi.o(!!handler_zi)
    .ARM.Collect$$libinit$$00000000          0x00000468   Section        2  libinit.o(.ARM.Collect$$libinit$$00000000)
    .ARM.Collect$$libinit$$00000002          0x0000046a   Section        0  libinit2.o(.ARM.Collect$$libinit$$00000002)
    .ARM.Collect$$libinit$$00000004          0x0000046a   Section        0  libinit2.o(.ARM.Collect$$libinit$$00000004)
    .ARM.Collect$$libinit$$0000000A          0x0000046a   Section        0  libinit2.o(.ARM.Collect$$libinit$$0000000A)
    .ARM.Collect$$libinit$$0000000C          0x0000046a   Section        0  libinit2.o(.ARM.Collect$$libinit$$0000000C)
    .ARM.Collect$$libinit$$0000000E          0x0000046a   Section        0  libinit2.o(.ARM.Collect$$libinit$$0000000E)
    .ARM.Collect$$libinit$$00000011          0x0000046a   Section        0  libinit2.o(.ARM.Collect$$libinit$$00000011)
    .ARM.Collect$$libinit$$00000013          0x0000046a   Section        0  libinit2.o(.ARM.Collect$$libinit$$00000013)
    .ARM.Collect$$libinit$$00000015          0x0000046a   Section        0  libinit2.o(.ARM.Collect$$libinit$$00000015)
    .ARM.Collect$$libinit$$00000017          0x0000046a   Section        0  libinit2.o(.ARM.Collect$$libinit$$00000017)
    .ARM.Collect$$libinit$$00000019          0x0000046a   Section        0  libinit2.o(.ARM.Collect$$libinit$$00000019)
    .ARM.Collect$$libinit$$0000001B          0x0000046a   Section        0  libinit2.o(.ARM.Collect$$libinit$$0000001B)
    .ARM.Collect$$libinit$$0000001D          0x0000046a   Section        0  libinit2.o(.ARM.Collect$$libinit$$0000001D)
    .ARM.Collect$$libinit$$0000001F          0x0000046a   Section        0  libinit2.o(.ARM.Collect$$libinit$$0000001F)
    .ARM.Collect$$libinit$$00000021          0x0000046a   Section        0  libinit2.o(.ARM.Collect$$libinit$$00000021)
    .ARM.Collect$$libinit$$00000023          0x0000046a   Section        0  libinit2.o(.ARM.Collect$$libinit$$00000023)
    .ARM.Collect$$libinit$$00000025          0x0000046a   Section        0  libinit2.o(.ARM.Collect$$libinit$$00000025)
    .ARM.Collect$$libinit$$0000002C          0x0000046a   Section        0  libinit2.o(.ARM.Collect$$libinit$$0000002C)
    .ARM.Collect$$libinit$$0000002E          0x0000046a   Section        0  libinit2.o(.ARM.Collect$$libinit$$0000002E)
    .ARM.Collect$$libinit$$00000030          0x0000046a   Section        0  libinit2.o(.ARM.Collect$$libinit$$00000030)
    .ARM.Collect$$libinit$$00000032          0x0000046a   Section        0  libinit2.o(.ARM.Collect$$libinit$$00000032)
    .ARM.Collect$$libinit$$00000033          0x0000046a   Section        2  libinit2.o(.ARM.Collect$$libinit$$00000033)
    .ARM.Collect$$libshutdown$$00000000      0x0000046c   Section        2  libshutdown.o(.ARM.Collect$$libshutdown$$00000000)
    .ARM.Collect$$libshutdown$$00000003      0x0000046e   Section        0  libshutdown2.o(.ARM.Collect$$libshutdown$$00000003)
    .ARM.Collect$$libshutdown$$00000006      0x0000046e   Section        0  libshutdown2.o(.ARM.Collect$$libshutdown$$00000006)
    .ARM.Collect$$libshutdown$$00000009      0x0000046e   Section        0  libshutdown2.o(.ARM.Collect$$libshutdown$$00000009)
    .ARM.Collect$$libshutdown$$0000000B      0x0000046e   Section        0  libshutdown2.o(.ARM.Collect$$libshutdown$$0000000B)
    .ARM.Collect$$libshutdown$$0000000E      0x0000046e   Section        0  libshutdown2.o(.ARM.Collect$$libshutdown$$0000000E)
    .ARM.Collect$$libshutdown$$0000000F      0x0000046e   Section        2  libshutdown2.o(.ARM.Collect$$libshutdown$$0000000F)
    .ARM.Collect$$rtentry$$00000000          0x00000470   Section        0  __rtentry.o(.ARM.Collect$$rtentry$$00000000)
    .ARM.Collect$$rtentry$$00000002          0x00000470   Section        0  __rtentry2.o(.ARM.Collect$$rtentry$$00000002)
    .ARM.Collect$$rtentry$$00000004          0x00000470   Section        6  __rtentry4.o(.ARM.Collect$$rtentry$$00000004)
    .ARM.Collect$$rtentry$$00000009          0x00000476   Section        0  __rtentry2.o(.ARM.Collect$$rtentry$$00000009)
    .ARM.Collect$$rtentry$$0000000A          0x00000476   Section        4  __rtentry2.o(.ARM.Collect$$rtentry$$0000000A)
    .ARM.Collect$$rtentry$$0000000C          0x0000047a   Section        0  __rtentry2.o(.ARM.Collect$$rtentry$$0000000C)
    .ARM.Collect$$rtentry$$0000000D          0x0000047a   Section        8  __rtentry2.o(.ARM.Collect$$rtentry$$0000000D)
    .ARM.Collect$$rtexit$$00000000           0x00000482   Section        2  rtexit.o(.ARM.Collect$$rtexit$$00000000)
    .ARM.Collect$$rtexit$$00000002           0x00000484   Section        0  rtexit2.o(.ARM.Collect$$rtexit$$00000002)
    .ARM.Collect$$rtexit$$00000003           0x00000484   Section        4  rtexit2.o(.ARM.Collect$$rtexit$$00000003)
    .ARM.Collect$$rtexit$$00000004           0x00000488   Section        6  rtexit2.o(.ARM.Collect$$rtexit$$00000004)
    .text                                    0x00000490   Section       60  startup_mk60dz10.o(.text)
    .text                                    0x000004cc   Section        0  heapauxi.o(.text)
    .text                                    0x000004d2   Section       74  sys_stackheap_outer.o(.text)
    .text                                    0x0000051c   Section        0  exit.o(.text)
    .text                                    0x00000528   Section        8  libspace.o(.text)
    .text                                    0x00000530   Section        0  sys_exit.o(.text)
    .text                                    0x0000053c   Section        2  use_no_semi.o(.text)
    .text                                    0x0000053e   Section        0  indicate_semi.o(.text)
    i.SystemInit                             0x00000540   Section        0  system_mk60dz10.o(i.SystemInit)
    i.main                                   0x000005a4   Section        0  main.o(i.main)
    .bss                                     0x20000000   Section       96  libspace.o(.bss)
    HEAP                                     0x20000060   Section        0  startup_mk60dz10.o(HEAP)
    STACK                                    0x20000060   Section     1024  startup_mk60dz10.o(STACK)
    Heap_Mem                                 0x20000060   Data           0  startup_mk60dz10.o(HEAP)
    Stack_Mem                                0x20000060   Data        1024  startup_mk60dz10.o(STACK)
    __initial_sp                             0x20000460   Data           0  startup_mk60dz10.o(STACK)

    Global Symbols

    Symbol Name                              Value     Ov Type        Size  Object(Section)

    BuildAttributes$$THM_ISAv4$E$P$D$K$B$S$7EM$PE$A:L22UL41UL21$X:L11$S22US41US21$IEEE1$IW$USESV6$~STKCKD$USESV7$~SHL$OSPACE$ROPI$EBA8$UX$STANDARDLIB$REQ8$PRES8$EABIv2 0x00000000   Number         0  anon$$obj.o ABSOLUTE
    __ARM_use_no_argv                        0x00000000   Number         0  main.o ABSOLUTE
    __Vectors                                0x00000000   Data           4  startup_mk60dz10.o(RESET)
    __ARM_exceptions_init                     - Undefined Weak Reference
    __alloca_initialize                       - Undefined Weak Reference
    __arm_preinit_                            - Undefined Weak Reference
    __cpp_initialize__aeabi_                  - Undefined Weak Reference
    __cxa_finalize                            - Undefined Weak Reference
    __rt_locale                               - Undefined Weak Reference
    __sigvec_lookup                           - Undefined Weak Reference
    _atexit_init                              - Undefined Weak Reference
    _call_atexit_fns                          - Undefined Weak Reference
    _clock_init                               - Undefined Weak Reference
    _fp_trap_init                             - Undefined Weak Reference
    _fp_trap_shutdown                         - Undefined Weak Reference
    _get_lc_collate                           - Undefined Weak Reference
    _get_lc_ctype                             - Undefined Weak Reference
    _get_lc_monetary                          - Undefined Weak Reference
    _get_lc_numeric                           - Undefined Weak Reference
    _get_lc_time                              - Undefined Weak Reference
    _getenv_init                              - Undefined Weak Reference
    _handle_redirection                       - Undefined Weak Reference
    _init_alloc                               - Undefined Weak Reference
    _init_user_alloc                          - Undefined Weak Reference
    _initio                                   - Undefined Weak Reference
    _rand_init                                - Undefined Weak Reference
    _signal_finish                            - Undefined Weak Reference
    _signal_init                              - Undefined Weak Reference
    _terminate_alloc                          - Undefined Weak Reference
    _terminate_user_alloc                     - Undefined Weak Reference
    _terminateio                              - Undefined Weak Reference
    __Vectors_End                            0x00000400   Data           0  startup_mk60dz10.o(RESET)
    __Vectors_Size                           0x00000400   Number         0  startup_mk60dz10.o ABSOLUTE
    __main                                   0x00000411   Thumb Code     8  __main.o(!!!main)
    __scatterload                            0x00000419   Thumb Code     0  __scatter.o(!!!scatter)
    __scatterload_rt2                        0x00000419   Thumb Code    44  __scatter.o(!!!scatter)
    __scatterload_rt2_thumb_only             0x00000419   Thumb Code     0  __scatter.o(!!!scatter)
    __scatterload_null                       0x00000427   Thumb Code     0  __scatter.o(!!!scatter)
    __scatterload_zeroinit                   0x0000044d   Thumb Code    28  __scatter_zi.o(!!handler_zi)
    __rt_lib_init                            0x00000469   Thumb Code     0  libinit.o(.ARM.Collect$$libinit$$00000000)
    __rt_lib_init_alloca_1                   0x0000046b   Thumb Code     0  libinit2.o(.ARM.Collect$$libinit$$0000002E)
    __rt_lib_init_argv_1                     0x0000046b   Thumb Code     0  libinit2.o(.ARM.Collect$$libinit$$0000002C)
    __rt_lib_init_atexit_1                   0x0000046b   Thumb Code     0  libinit2.o(.ARM.Collect$$libinit$$0000001B)
    __rt_lib_init_clock_1                    0x0000046b   Thumb Code     0  libinit2.o(.ARM.Collect$$libinit$$00000021)
    __rt_lib_init_cpp_1                      0x0000046b   Thumb Code     0  libinit2.o(.ARM.Collect$$libinit$$00000032)
    __rt_lib_init_exceptions_1               0x0000046b   Thumb Code     0  libinit2.o(.ARM.Collect$$libinit$$00000030)
    __rt_lib_init_fp_1                       0x0000046b   Thumb Code     0  libinit2.o(.ARM.Collect$$libinit$$00000002)
    __rt_lib_init_fp_trap_1                  0x0000046b   Thumb Code     0  libinit2.o(.ARM.Collect$$libinit$$0000001F)
    __rt_lib_init_getenv_1                   0x0000046b   Thumb Code     0  libinit2.o(.ARM.Collect$$libinit$$00000023)
    __rt_lib_init_heap_1                     0x0000046b   Thumb Code     0  libinit2.o(.ARM.Collect$$libinit$$0000000A)
    __rt_lib_init_lc_collate_1               0x0000046b   Thumb Code     0  libinit2.o(.ARM.Collect$$libinit$$00000011)
    __rt_lib_init_lc_ctype_1                 0x0000046b   Thumb Code     0  libinit2.o(.ARM.Collect$$libinit$$00000013)
    __rt_lib_init_lc_monetary_1              0x0000046b   Thumb Code     0  libinit2.o(.ARM.Collect$$libinit$$00000015)
    __rt_lib_init_lc_numeric_1               0x0000046b   Thumb Code     0  libinit2.o(.ARM.Collect$$libinit$$00000017)
    __rt_lib_init_lc_time_1                  0x0000046b   Thumb Code     0  libinit2.o(.ARM.Collect$$libinit$$00000019)
    __rt_lib_init_preinit_1                  0x0000046b   Thumb Code     0  libinit2.o(.ARM.Collect$$libinit$$00000004)
    __rt_lib_init_rand_1                     0x0000046b   Thumb Code     0  libinit2.o(.ARM.Collect$$libinit$$0000000E)
    __rt_lib_init_return                     0x0000046b   Thumb Code     0  libinit2.o(.ARM.Collect$$libinit$$00000033)
    __rt_lib_init_signal_1                   0x0000046b   Thumb Code     0  libinit2.o(.ARM.Collect$$libinit$$0000001D)
    __rt_lib_init_stdio_1                    0x0000046b   Thumb Code     0  libinit2.o(.ARM.Collect$$libinit$$00000025)
    __rt_lib_init_user_alloc_1               0x0000046b   Thumb Code     0  libinit2.o(.ARM.Collect$$libinit$$0000000C)
    __rt_lib_shutdown                        0x0000046d   Thumb Code     0  libshutdown.o(.ARM.Collect$$libshutdown$$00000000)
    __rt_lib_shutdown_fp_trap_1              0x0000046f   Thumb Code     0  libshutdown2.o(.ARM.Collect$$libshutdown$$00000006)
    __rt_lib_shutdown_heap_1                 0x0000046f   Thumb Code     0  libshutdown2.o(.ARM.Collect$$libshutdown$$0000000E)
    __rt_lib_shutdown_return                 0x0000046f   Thumb Code     0  libshutdown2.o(.ARM.Collect$$libshutdown$$0000000F)
    __rt_lib_shutdown_signal_1               0x0000046f   Thumb Code     0  libshutdown2.o(.ARM.Collect$$libshutdown$$00000009)
    __rt_lib_shutdown_stdio_1                0x0000046f   Thumb Code     0  libshutdown2.o(.ARM.Collect$$libshutdown$$00000003)
    __rt_lib_shutdown_user_alloc_1           0x0000046f   Thumb Code     0  libshutdown2.o(.ARM.Collect$$libshutdown$$0000000B)
    __rt_entry                               0x00000471   Thumb Code     0  __rtentry.o(.ARM.Collect$$rtentry$$00000000)
    __rt_entry_presh_1                       0x00000471   Thumb Code     0  __rtentry2.o(.ARM.Collect$$rtentry$$00000002)
    __rt_entry_sh                            0x00000471   Thumb Code     0  __rtentry4.o(.ARM.Collect$$rtentry$$00000004)
    __rt_entry_li                            0x00000477   Thumb Code     0  __rtentry2.o(.ARM.Collect$$rtentry$$0000000A)
    __rt_entry_postsh_1                      0x00000477   Thumb Code     0  __rtentry2.o(.ARM.Collect$$rtentry$$00000009)
    __rt_entry_main                          0x0000047b   Thumb Code     0  __rtentry2.o(.ARM.Collect$$rtentry$$0000000D)
    __rt_entry_postli_1                      0x0000047b   Thumb Code     0  __rtentry2.o(.ARM.Collect$$rtentry$$0000000C)
    __rt_exit                                0x00000483   Thumb Code     0  rtexit.o(.ARM.Collect$$rtexit$$00000000)
    __rt_exit_ls                             0x00000485   Thumb Code     0  rtexit2.o(.ARM.Collect$$rtexit$$00000003)
    __rt_exit_prels_1                        0x00000485   Thumb Code     0  rtexit2.o(.ARM.Collect$$rtexit$$00000002)
    __rt_exit_exit                           0x00000489   Thumb Code     0  rtexit2.o(.ARM.Collect$$rtexit$$00000004)
    Reset_Handler                            0x00000491   Thumb Code     8  startup_mk60dz10.o(.text)
    NMI_Handler                              0x00000499   Thumb Code     2  startup_mk60dz10.o(.text)
    HardFault_Handler                        0x0000049b   Thumb Code     2  startup_mk60dz10.o(.text)
    MemManage_Handler                        0x0000049d   Thumb Code     2  startup_mk60dz10.o(.text)
    BusFault_Handler                         0x0000049f   Thumb Code     2  startup_mk60dz10.o(.text)
    UsageFault_Handler                       0x000004a1   Thumb Code     2  startup_mk60dz10.o(.text)
    SVC_Handler                              0x000004a3   Thumb Code     2  startup_mk60dz10.o(.text)
    DebugMon_Handler                         0x000004a5   Thumb Code     2  startup_mk60dz10.o(.text)
    PendSV_Handler                           0x000004a7   Thumb Code     2  startup_mk60dz10.o(.text)
    SysTick_Handler                          0x000004a9   Thumb Code     2  startup_mk60dz10.o(.text)
    ADC0_IRQHandler                          0x000004ab   Thumb Code     0  startup_mk60dz10.o(.text)
    ADC1_IRQHandler                          0x000004ab   Thumb Code     0  startup_mk60dz10.o(.text)
    CAN0_Bus_Off_IRQHandler                  0x000004ab   Thumb Code     0  startup_mk60dz10.o(.text)
    CAN0_Error_IRQHandler                    0x000004ab   Thumb Code     0  startup_mk60dz10.o(.text)
    CAN0_ORed_Message_buffer_IRQHandler      0x000004ab   Thumb Code     0  startup_mk60dz10.o(.text)
    CAN0_Rx_Warning_IRQHandler               0x000004ab   Thumb Code     0  startup_mk60dz10.o(.text)
    CAN0_Tx_Warning_IRQHandler               0x000004ab   Thumb Code     0  startup_mk60dz10.o(.text)
    CAN0_Wake_Up_IRQHandler                  0x000004ab   Thumb Code     0  startup_mk60dz10.o(.text)
    CAN1_Bus_Off_IRQHandler                  0x000004ab   Thumb Code     0  startup_mk60dz10.o(.text)
    CAN1_Error_IRQHandler                    0x000004ab   Thumb Code     0  startup_mk60dz10.o(.text)
    CAN1_ORed_Message_buffer_IRQHandler      0x000004ab   Thumb Code     0  startup_mk60dz10.o(.text)
    CAN1_Rx_Warning_IRQHandler               0x000004ab   Thumb Code     0  startup_mk60dz10.o(.text)
    CAN1_Tx_Warning_IRQHandler               0x000004ab   Thumb Code     0  startup_mk60dz10.o(.text)
    CAN1_Wake_Up_IRQHandler                  0x000004ab   Thumb Code     0  startup_mk60dz10.o(.text)
    CMP0_IRQHandler                          0x000004ab   Thumb Code     0  startup_mk60dz10.o(.text)
    CMP1_IRQHandler                          0x000004ab   Thumb Code     0  startup_mk60dz10.o(.text)
    CMP2_IRQHandler                          0x000004ab   Thumb Code     0  startup_mk60dz10.o(.text)
    CMT_IRQHandler                           0x000004ab   Thumb Code     0  startup_mk60dz10.o(.text)
    DAC0_IRQHandler                          0x000004ab   Thumb Code     0  startup_mk60dz10.o(.text)
    DAC1_IRQHandler                          0x000004ab   Thumb Code     0  startup_mk60dz10.o(.text)
    DMA0_IRQHandler                          0x000004ab   Thumb Code     0  startup_mk60dz10.o(.text)
    DMA10_IRQHandler                         0x000004ab   Thumb Code     0  startup_mk60dz10.o(.text)
    DMA11_IRQHandler                         0x000004ab   Thumb Code     0  startup_mk60dz10.o(.text)
    DMA12_IRQHandler                         0x000004ab   Thumb Code     0  startup_mk60dz10.o(.text)
    DMA13_IRQHandler                         0x000004ab   Thumb Code     0  startup_mk60dz10.o(.text)
    DMA14_IRQHandler                         0x000004ab   Thumb Code     0  startup_mk60dz10.o(.text)
    DMA15_IRQHandler                         0x000004ab   Thumb Code     0  startup_mk60dz10.o(.text)
    DMA1_IRQHandler                          0x000004ab   Thumb Code     0  startup_mk60dz10.o(.text)
    DMA2_IRQHandler                          0x000004ab   Thumb Code     0  startup_mk60dz10.o(.text)
    DMA3_IRQHandler                          0x000004ab   Thumb Code     0  startup_mk60dz10.o(.text)
    DMA4_IRQHandler                          0x000004ab   Thumb Code     0  startup_mk60dz10.o(.text)
    DMA5_IRQHandler                          0x000004ab   Thumb Code     0  startup_mk60dz10.o(.text)
    DMA6_IRQHandler                          0x000004ab   Thumb Code     0  startup_mk60dz10.o(.text)
    DMA7_IRQHandler                          0x000004ab   Thumb Code     0  startup_mk60dz10.o(.text)
    DMA8_IRQHandler                          0x000004ab   Thumb Code     0  startup_mk60dz10.o(.text)
    DMA9_IRQHandler                          0x000004ab   Thumb Code     0  startup_mk60dz10.o(.text)
    DMA_Error_IRQHandler                     0x000004ab   Thumb Code     0  startup_mk60dz10.o(.text)
    DefaultISR                               0x000004ab   Thumb Code     0  startup_mk60dz10.o(.text)
    ENET_1588_Timer_IRQHandler               0x000004ab   Thumb Code     0  startup_mk60dz10.o(.text)
    ENET_Error_IRQHandler                    0x000004ab   Thumb Code     0  startup_mk60dz10.o(.text)
    ENET_Receive_IRQHandler                  0x000004ab   Thumb Code     0  startup_mk60dz10.o(.text)
    ENET_Transmit_IRQHandler                 0x000004ab   Thumb Code     0  startup_mk60dz10.o(.text)
    FTFL_IRQHandler                          0x000004ab   Thumb Code     0  startup_mk60dz10.o(.text)
    FTM0_IRQHandler                          0x000004ab   Thumb Code     0  startup_mk60dz10.o(.text)
    FTM1_IRQHandler                          0x000004ab   Thumb Code     0  startup_mk60dz10.o(.text)
    FTM2_IRQHandler                          0x000004ab   Thumb Code     0  startup_mk60dz10.o(.text)
    I2C0_IRQHandler                          0x000004ab   Thumb Code     0  startup_mk60dz10.o(.text)
    I2C1_IRQHandler                          0x000004ab   Thumb Code     0  startup_mk60dz10.o(.text)
    I2S0_IRQHandler                          0x000004ab   Thumb Code     0  startup_mk60dz10.o(.text)
    LLW_IRQHandler                           0x000004ab   Thumb Code     0  startup_mk60dz10.o(.text)
    LPTimer_IRQHandler                       0x000004ab   Thumb Code     0  startup_mk60dz10.o(.text)
    LVD_LVW_IRQHandler                       0x000004ab   Thumb Code     0  startup_mk60dz10.o(.text)
    MCG_IRQHandler                           0x000004ab   Thumb Code     0  startup_mk60dz10.o(.text)
    MCM_IRQHandler                           0x000004ab   Thumb Code     0  startup_mk60dz10.o(.text)
    PDB0_IRQHandler                          0x000004ab   Thumb Code     0  startup_mk60dz10.o(.text)
    PIT0_IRQHandler                          0x000004ab   Thumb Code     0  startup_mk60dz10.o(.text)
    PIT1_IRQHandler                          0x000004ab   Thumb Code     0  startup_mk60dz10.o(.text)
    PIT2_IRQHandler                          0x000004ab   Thumb Code     0  startup_mk60dz10.o(.text)
    PIT3_IRQHandler                          0x000004ab   Thumb Code     0  startup_mk60dz10.o(.text)
    PORTA_IRQHandler                         0x000004ab   Thumb Code     0  startup_mk60dz10.o(.text)
    PORTB_IRQHandler                         0x000004ab   Thumb Code     0  startup_mk60dz10.o(.text)
    PORTC_IRQHandler                         0x000004ab   Thumb Code     0  startup_mk60dz10.o(.text)
    PORTD_IRQHandler                         0x000004ab   Thumb Code     0  startup_mk60dz10.o(.text)
    PORTE_IRQHandler                         0x000004ab   Thumb Code     0  startup_mk60dz10.o(.text)
    RNG_IRQHandler                           0x000004ab   Thumb Code     0  startup_mk60dz10.o(.text)
    RTC_IRQHandler                           0x000004ab   Thumb Code     0  startup_mk60dz10.o(.text)
    Read_Collision_IRQHandler                0x000004ab   Thumb Code     0  startup_mk60dz10.o(.text)
    Reserved102_IRQHandler                   0x000004ab   Thumb Code     0  startup_mk60dz10.o(.text)
    Reserved108_IRQHandler                   0x000004ab   Thumb Code     0  startup_mk60dz10.o(.text)
    Reserved109_IRQHandler                   0x000004ab   Thumb Code     0  startup_mk60dz10.o(.text)
    Reserved110_IRQHandler                   0x000004ab   Thumb Code     0  startup_mk60dz10.o(.text)
    Reserved111_IRQHandler                   0x000004ab   Thumb Code     0  startup_mk60dz10.o(.text)
    Reserved112_IRQHandler                   0x000004ab   Thumb Code     0  startup_mk60dz10.o(.text)
    Reserved113_IRQHandler                   0x000004ab   Thumb Code     0  startup_mk60dz10.o(.text)
    Reserved114_IRQHandler                   0x000004ab   Thumb Code     0  startup_mk60dz10.o(.text)
    Reserved115_IRQHandler                   0x000004ab   Thumb Code     0  startup_mk60dz10.o(.text)
    Reserved116_IRQHandler                   0x000004ab   Thumb Code     0  startup_mk60dz10.o(.text)
    Reserved117_IRQHandler                   0x000004ab   Thumb Code     0  startup_mk60dz10.o(.text)
    Reserved118_IRQHandler                   0x000004ab   Thumb Code     0  startup_mk60dz10.o(.text)
    Reserved119_IRQHandler                   0x000004ab   Thumb Code     0  startup_mk60dz10.o(.text)
    Reserved51_IRQHandler                    0x000004ab   Thumb Code     0  startup_mk60dz10.o(.text)
    Reserved52_IRQHandler                    0x000004ab   Thumb Code     0  startup_mk60dz10.o(.text)
    Reserved59_IRQHandler                    0x000004ab   Thumb Code     0  startup_mk60dz10.o(.text)
    Reserved60_IRQHandler                    0x000004ab   Thumb Code     0  startup_mk60dz10.o(.text)
    Reserved83_IRQHandler                    0x000004ab   Thumb Code     0  startup_mk60dz10.o(.text)
    SDHC_IRQHandler                          0x000004ab   Thumb Code     0  startup_mk60dz10.o(.text)
    SPI0_IRQHandler                          0x000004ab   Thumb Code     0  startup_mk60dz10.o(.text)
    SPI1_IRQHandler                          0x000004ab   Thumb Code     0  startup_mk60dz10.o(.text)
    SPI2_IRQHandler                          0x000004ab   Thumb Code     0  startup_mk60dz10.o(.text)
    TSI0_IRQHandler                          0x000004ab   Thumb Code     0  startup_mk60dz10.o(.text)
    UART0_ERR_IRQHandler                     0x000004ab   Thumb Code     0  startup_mk60dz10.o(.text)
    UART0_RX_TX_IRQHandler                   0x000004ab   Thumb Code     0  startup_mk60dz10.o(.text)
    UART1_ERR_IRQHandler                     0x000004ab   Thumb Code     0  startup_mk60dz10.o(.text)
    UART1_RX_TX_IRQHandler                   0x000004ab   Thumb Code     0  startup_mk60dz10.o(.text)
    UART2_ERR_IRQHandler                     0x000004ab   Thumb Code     0  startup_mk60dz10.o(.text)
    UART2_RX_TX_IRQHandler                   0x000004ab   Thumb Code     0  startup_mk60dz10.o(.text)
    UART3_ERR_IRQHandler                     0x000004ab   Thumb Code     0  startup_mk60dz10.o(.text)
    UART3_RX_TX_IRQHandler                   0x000004ab   Thumb Code     0  startup_mk60dz10.o(.text)
    UART4_ERR_IRQHandler                     0x000004ab   Thumb Code     0  startup_mk60dz10.o(.text)
    UART4_RX_TX_IRQHandler                   0x000004ab   Thumb Code     0  startup_mk60dz10.o(.text)
    UART5_ERR_IRQHandler                     0x000004ab   Thumb Code     0  startup_mk60dz10.o(.text)
    UART5_RX_TX_IRQHandler                   0x000004ab   Thumb Code     0  startup_mk60dz10.o(.text)
    USB0_IRQHandler                          0x000004ab   Thumb Code     0  startup_mk60dz10.o(.text)
    USBDCD_IRQHandler                        0x000004ab   Thumb Code     0  startup_mk60dz10.o(.text)
    Watchdog_IRQHandler                      0x000004ab   Thumb Code     0  startup_mk60dz10.o(.text)
    __user_initial_stackheap                 0x000004ad   Thumb Code     0  startup_mk60dz10.o(.text)
    __use_two_region_memory                  0x000004cd   Thumb Code     2  heapauxi.o(.text)
    __rt_heap_escrow$2region                 0x000004cf   Thumb Code     2  heapauxi.o(.text)
    __rt_heap_expand$2region                 0x000004d1   Thumb Code     2  heapauxi.o(.text)
    __user_setup_stackheap                   0x000004d3   Thumb Code    74  sys_stackheap_outer.o(.text)
    exit                                     0x0000051d   Thumb Code    12  exit.o(.text)
    __user_libspace                          0x00000529   Thumb Code     8  libspace.o(.text)
    __user_perproc_libspace                  0x00000529   Thumb Code     0  libspace.o(.text)
    __user_perthread_libspace                0x00000529   Thumb Code     0  libspace.o(.text)
    _sys_exit                                0x00000531   Thumb Code     8  sys_exit.o(.text)
    __I$use$semihosting                      0x0000053d   Thumb Code     0  use_no_semi.o(.text)
    __use_no_semihosting_swi                 0x0000053d   Thumb Code     2  use_no_semi.o(.text)
    __semihosting_library_function           0x0000053f   Thumb Code     0  indicate_semi.o(.text)
    SystemInit                               0x00000541   Thumb Code    88  system_mk60dz10.o(i.SystemInit)
    main                                     0x000005a5   Thumb Code    10  main.o(i.main)
    Region$$Table$$Base                      0x000005b4   Number         0  anon$$obj.o(Region$$Table)
    Region$$Table$$Limit                     0x000005c4   Number         0  anon$$obj.o(Region$$Table)
    __libspace_start                         0x20000000   Data          96  libspace.o(.bss)
    __temporary_stack_top$libspace           0x20000060   Data           0  libspace.o(.bss)



==============================================================================

Memory Map of the image

  Image Entry point : 0x00000411

  Load Region LR_IROM1 (Base: 0x00000000, Size: 0x000005c4, Max: 0x00080000, ABSOLUTE)

    Execution Region ER_IROM1 (Base: 0x00000000, Size: 0x000005c4, Max: 0x00080000, ABSOLUTE)

    Base Addr    Size         Type   Attr      Idx    E Section Name        Object

    0x00000000   0x00000400   Data   RO          441    RESET               startup_mk60dz10.o
    0x00000400   0x00000010   Code   RO          442    .ARM.__at_0x400     startup_mk60dz10.o
    0x00000410   0x00000008   Code   RO          455  * !!!main             c_w.l(__main.o)
    0x00000418   0x00000034   Code   RO          613    !!!scatter          c_w.l(__scatter.o)
    0x0000044c   0x0000001c   Code   RO          615    !!handler_zi        c_w.l(__scatter_zi.o)
    0x00000468   0x00000002   Code   RO          484    .ARM.Collect$$libinit$$00000000  c_w.l(libinit.o)
    0x0000046a   0x00000000   Code   RO          491    .ARM.Collect$$libinit$$00000002  c_w.l(libinit2.o)
    0x0000046a   0x00000000   Code   RO          493    .ARM.Collect$$libinit$$00000004  c_w.l(libinit2.o)
    0x0000046a   0x00000000   Code   RO          496    .ARM.Collect$$libinit$$0000000A  c_w.l(libinit2.o)
    0x0000046a   0x00000000   Code   RO          498    .ARM.Collect$$libinit$$0000000C  c_w.l(libinit2.o)
    0x0000046a   0x00000000   Code   RO          500    .ARM.Collect$$libinit$$0000000E  c_w.l(libinit2.o)
    0x0000046a   0x00000000   Code   RO          503    .ARM.Collect$$libinit$$00000011  c_w.l(libinit2.o)
    0x0000046a   0x00000000   Code   RO          505    .ARM.Collect$$libinit$$00000013  c_w.l(libinit2.o)
    0x0000046a   0x00000000   Code   RO          507    .ARM.Collect$$libinit$$00000015  c_w.l(libinit2.o)
    0x0000046a   0x00000000   Code   RO          509    .ARM.Collect$$libinit$$00000017  c_w.l(libinit2.o)
    0x0000046a   0x00000000   Code   RO          511    .ARM.Collect$$libinit$$00000019  c_w.l(libinit2.o)
    0x0000046a   0x00000000   Code   RO          513    .ARM.Collect$$libinit$$0000001B  c_w.l(libinit2.o)
    0x0000046a   0x00000000   Code   RO          515    .ARM.Collect$$libinit$$0000001D  c_w.l(libinit2.o)
    0x0000046a   0x00000000   Code   RO          517    .ARM.Collect$$libinit$$0000001F  c_w.l(libinit2.o)
    0x0000046a   0x00000000   Code   RO          519    .ARM.Collect$$libinit$$00000021  c_w.l(libinit2.o)
    0x0000046a   0x00000000   Code   RO          521    .ARM.Collect$$libinit$$00000023  c_w.l(libinit2.o)
    0x0000046a   0x00000000   Code   RO          523    .ARM.Collect$$libinit$$00000025  c_w.l(libinit2.o)
    0x0000046a   0x00000000   Code   RO          527    .ARM.Collect$$libinit$$0000002C  c_w.l(libinit2.o)
    0x0000046a   0x00000000   Code   RO          529    .ARM.Collect$$libinit$$0000002E  c_w.l(libinit2.o)
    0x0000046a   0x00000000   Code   RO          531    .ARM.Collect$$libinit$$00000030  c_w.l(libinit2.o)
    0x0000046a   0x00000000   Code   RO          533    .ARM.Collect$$libinit$$00000032  c_w.l(libinit2.o)
    0x0000046a   0x00000002   Code   RO          534    .ARM.Collect$$libinit$$00000033  c_w.l(libinit2.o)
    0x0000046c   0x00000002   Code   RO          554    .ARM.Collect$$libshutdown$$00000000  c_w.l(libshutdown.o)
    0x0000046e   0x00000000   Code   RO          568    .ARM.Collect$$libshutdown$$00000003  c_w.l(libshutdown2.o)
    0x0000046e   0x00000000   Code   RO          571    .ARM.Collect$$libshutdown$$00000006  c_w.l(libshutdown2.o)
    0x0000046e   0x00000000   Code   RO          574    .ARM.Collect$$libshutdown$$00000009  c_w.l(libshutdown2.o)
    0x0000046e   0x00000000   Code   RO          576    .ARM.Collect$$libshutdown$$0000000B  c_w.l(libshutdown2.o)
    0x0000046e   0x00000000   Code   RO          579    .ARM.Collect$$libshutdown$$0000000E  c_w.l(libshutdown2.o)
    0x0000046e   0x00000002   Code   RO          580    .ARM.Collect$$libshutdown$$0000000F  c_w.l(libshutdown2.o)
    0x00000470   0x00000000   Code   RO          457    .ARM.Collect$$rtentry$$00000000  c_w.l(__rtentry.o)
    0x00000470   0x00000000   Code   RO          461    .ARM.Collect$$rtentry$$00000002  c_w.l(__rtentry2.o)
    0x00000470   0x00000006   Code   RO          473    .ARM.Collect$$rtentry$$00000004  c_w.l(__rtentry4.o)
    0x00000476   0x00000000   Code   RO          463    .ARM.Collect$$rtentry$$00000009  c_w.l(__rtentry2.o)
    0x00000476   0x00000004   Code   RO          464    .ARM.Collect$$rtentry$$0000000A  c_w.l(__rtentry2.o)
    0x0000047a   0x00000000   Code   RO          466    .ARM.Collect$$rtentry$$0000000C  c_w.l(__rtentry2.o)
    0x0000047a   0x00000008   Code   RO          467    .ARM.Collect$$rtentry$$0000000D  c_w.l(__rtentry2.o)
    0x00000482   0x00000002   Code   RO          488    .ARM.Collect$$rtexit$$00000000  c_w.l(rtexit.o)
    0x00000484   0x00000000   Code   RO          536    .ARM.Collect$$rtexit$$00000002  c_w.l(rtexit2.o)
    0x00000484   0x00000004   Code   RO          537    .ARM.Collect$$rtexit$$00000003  c_w.l(rtexit2.o)
    0x00000488   0x00000006   Code   RO          538    .ARM.Collect$$rtexit$$00000004  c_w.l(rtexit2.o)
    0x0000048e   0x00000002   PAD
    0x00000490   0x0000003c   Code   RO          443    .text               startup_mk60dz10.o
    0x000004cc   0x00000006   Code   RO          453    .text               c_w.l(heapauxi.o)
    0x000004d2   0x0000004a   Code   RO          475    .text               c_w.l(sys_stackheap_outer.o)
    0x0000051c   0x0000000c   Code   RO          477    .text               c_w.l(exit.o)
    0x00000528   0x00000008   Code   RO          485    .text               c_w.l(libspace.o)
    0x00000530   0x0000000c   Code   RO          546    .text               c_w.l(sys_exit.o)
    0x0000053c   0x00000002   Code   RO          557    .text               c_w.l(use_no_semi.o)
    0x0000053e   0x00000000   Code   RO          559    .text               c_w.l(indicate_semi.o)
    0x0000053e   0x00000002   PAD
    0x00000540   0x00000064   Code   RO          410    i.SystemInit        system_mk60dz10.o
    0x000005a4   0x00000010   Code   RO            4    i.main              main.o
    0x000005b4   0x00000010   Data   RO          611    Region$$Table       anon$$obj.o


    Execution Region RW_IRAM1 (Base: 0x20000000, Size: 0x00000460, Max: 0x00010000, ABSOLUTE)

    Base Addr    Size         Type   Attr      Idx    E Section Name        Object

    0x20000000   0x00000060   Zero   RW          486    .bss                c_w.l(libspace.o)
    0x20000060   0x00000000   Zero   RW          440    HEAP                startup_mk60dz10.o
    0x20000060   0x00000400   Zero   RW          439    STACK               startup_mk60dz10.o


==============================================================================

Image component sizes


      Code (inc. data)   RO Data    RW Data    ZI Data      Debug   Object Name

        16          6          0          0          0     242315   main.o
        76         38       1024          0       1024        940   startup_mk60dz10.o
       100         12          0          0          0        445   system_mk60dz10.o

    ----------------------------------------------------------------------
       192         56       1040          0       1024     243700   Object Totals
         0          0         16          0          0          0   (incl. Generated)
         0          0          0          0          0          0   (incl. Padding)

    ----------------------------------------------------------------------

      Code (inc. data)   RO Data    RW Data    ZI Data      Debug   Library Member Name

         8          0          0          0          0         68   __main.o
         0          0          0          0          0          0   __rtentry.o
        12          0          0          0          0          0   __rtentry2.o
         6          0          0          0          0          0   __rtentry4.o
        52          8          0          0          0          0   __scatter.o
        28          0          0          0          0          0   __scatter_zi.o
        12          0          0          0          0         72   exit.o
         6          0          0          0          0        152   heapauxi.o
         0          0          0          0          0          0   indicate_semi.o
         2          0          0          0          0          0   libinit.o
         2          0          0          0          0          0   libinit2.o
         2          0          0          0          0          0   libshutdown.o
         2          0          0          0          0          0   libshutdown2.o
         8          4          0          0         96         68   libspace.o
         2          0          0          0          0          0   rtexit.o
        10          0          0          0          0          0   rtexit2.o
        12          4          0          0          0         68   sys_exit.o
        74          0          0          0          0         80   sys_stackheap_outer.o
         2          0          0          0          0         68   use_no_semi.o

    ----------------------------------------------------------------------
       244         16          0          0         96        576   Library Totals
         4          0          0          0          0          0   (incl. Padding)

    ----------------------------------------------------------------------

      Code (inc. data)   RO Data    RW Data    ZI Data      Debug   Library Name

       240         16          0          0         96        576   c_w.l

    ----------------------------------------------------------------------
       244         16          0          0         96        576   Library Totals

    ----------------------------------------------------------------------

==============================================================================


      Code (inc. data)   RO Data    RW Data    ZI Data      Debug   

       436         72       1040          0       1120     244048   Grand Totals
       436         72       1040          0       1120     244048   ELF Image Totals
       436         72       1040          0          0          0   ROM Totals

==============================================================================

    Total RO  Size (Code + RO Data)                 1476 (   1.44kB)
    Total RW  Size (RW Data + ZI Data)              1120 (   1.09kB)
    Total ROM Size (Code + RO Data + RW Data)       1476 (   1.44kB)

==============================================================================

