<html>
<body>
<pre>
<h1>µVision Build Log</h1>
<h2>Tool Versions:</h2>
IDE-Version: ¦ÌVision V5.14.0.0
Copyright (C) 2015 ARM Ltd and ARM Germany GmbH. All rights reserved.
License Information: gou tian, 4124, LIC=JDA30-BFAQE-YDAK5-G7RDA-FM835-FA9TV
 
Tool Versions:
Toolchain:       MDK-ARM Professional  Version: 5.14.0.0
Toolchain Path:  D:\K5\ARM\ARMCC\Bin
C Compiler:      Armcc.exe V5.05 update 1 (build 106)
Assembler:       Armasm.exe V5.05 update 1 (build 106)
Linker/Locator:  ArmLink.exe V5.05 update 1 (build 106)
Library Manager: ArmAr.exe V5.05 update 1 (build 106)
Hex Converter:   FromElf.exe V5.05 update 1 (build 106)
CPU DLL:         SARMCM3.DLL V5.14.0.0
Dialog DLL:      DCM.DLL V1.13.1.0
Target DLL:      Segger\JL2CM3.dll V2.99.13.0
Dialog DLL:      TCM.DLL V1.14.4.0
 
<h2>Project:</h2>
D:\K60\test\PRJ\test1.uvprojx
Project File Date:  09/23/2015

<h2>Output:</h2>
Build target 'Target 1'
compiling main.c...
..\SRC\USER\main.c(9): warning:  #550-D: variable "GPIO_InitStruct1" was set but never used
        GPIO_InitTypeDef GPIO_InitStruct1;
..\SRC\USER\main.c: 1 warning, 0 errors
linking...
Program Size: Code=436 RO-data=1040 RW-data=0 ZI-data=1120  
FromELF: creating hex file...
".\Objects\test1.axf" - 0 Error(s), 1 Warning(s).

<h2>Collection of Component include folders:</h2>
  D:\K60\test\PRJ\RTE
  D:\K5\ARM\PACK\Keil\Kinetis_K60_DFP\1.4.0\Device\Include

<h2>Collection of Component Files used:</h2>
</pre>
</body>
</html>
